
> canvas-platform-frontend@0.1.0 build
> next build

  Γû▓ Next.js 14.2.35
  - Environments: .env

   Creating an optimized production build ...
 Γ£ô Compiled successfully
   Linting and checking validity of types ...
node.exe : Failed to 
compile.
Au caractère Ligne:1 : 1
+ & "C:\Program 
Files\nodejs/node.exe" 
"C:\Program 
Files\nodejs/node_mo ...
+ ~~~~~~~~~~~~~~~~~~~~~~~~~
~~~~~~~~~~~~~~~~~~~~~~~~~~~
~~~~~~~~~~~~~~~~~
    + CategoryInfo         
     : NotSpecified: (Fai  
  led to compile.:String   
 ) [], RemoteException
    + FullyQualifiedErrorI 
   d : NativeCommandError
 

./src/app/admin/orders/[id]
/page.tsx:49:30
Type error: Property 
'tracking_number' does not 
exist on type 
'AdminOrderDetail'. Did 
you mean 'trackingNumber'?

[0m [90m 47 |[39m       
setOrder(data)[33m;[39m[
0m
[0m [90m 48 |[39m       
setNewStatus(data[33m.[39
mstatus)[33m;[39m[0m
[0m[31m[1m>[22m[39m[9
0m 49 |[39m       setTrack
ingNumber(data[33m.[39mtr
acking_number [33m||[39m 
[32m''[39m)[33m;[39m[0
m
[0m [90m    |[39m       
                       
[31m[1m^[22m[39m[0m
[0m [90m 50 |[39m     } 
[36mcatch[39m 
(err[33m:[39m any) {[0m
[0m [90m 51 |[39m       
setError([0m
[0m [90m 52 |[39m       
  err[33m.[39mresponse[3
3m?[39m[33m.[39mdata[33
m?[39m[33m.[39mmessage 
[33m||[39m [32m'Failed 
to load order 
details.'[39m[0m
Next.js build worker 
exited with code: 1 and 
signal: null
