
[1m[46m RUN [49m[22m [36mv4.0.18 [39m[90mC:/Users/bichiou/Documents/2025-2026/stage/Project/files/frontend[39m

 [31mΓ¥»[39m src/store/editorStore.test.ts [2m([22m[2m7 tests[22m[2m | [22m[31m7 failed[39m[2m)[22m[32m 50[2mms[22m[39m
[31m     [31m├ù[31m initialise les TextLayers vides a partir du template[39m[32m 25[2mms[22m[39m
[31m     [31m├ù[31m cree un ImageLayer quand on assigne une image a un slot[39m[32m 2[2mms[22m[39m
[31m     [31m├ù[31m canCheckout retourne false si un slot required est vide[39m[32m 2[2mms[22m[39m
[31m     [31m├ù[31m canCheckout retourne false si une image est bloquee (DPI faible)[39m[32m 5[2mms[22m[39m
[31m     [31m├ù[31m canCheckout retourne true si tout est rempli et valide[39m[32m 2[2mms[22m[39m
[31m     [31m├ù[31m getDesignJson retourne un objet JSON[39m[32m 4[2mms[22m[39m
[31m     [31m├ù[31m saveToLocalStorage/loadFromLocalStorage fonctionne[39m[32m 2[2mms[22m[39m
node.exe : 
Au caractère Ligne:1 : 
1
+ & "C:\Program 
Files\nodejs/node.exe" 
"C:\Program 
Files\nodejs/node_mo 
...
+ ~~~~~~~~~~~~~~~~~~~~~
~~~~~~~~~~~~~~~~~~~~~~~
~~~~~~~~~~~~~~~~~~~~~~~
~~
    + CategoryInfo     
         : NotSpecifi  
  ed: (:String) [],    
 RemoteException
    + FullyQualifiedEr 
   rorId : NativeComm  
  andError
 
[31mΓÄ»ΓÄ»ΓÄ»ΓÄ»ΓÄ»ΓÄ»
ΓÄ»[39m[1m[41m 
Failed Tests 7 [49m[2
2m[31mΓÄ»ΓÄ»ΓÄ»ΓÄ»ΓÄ»Γ
Ä»ΓÄ»[39m

[41m[1m FAIL 
[22m[49m src/store/ed
itorStore.test.ts[2m 
> [22mEditorStore 
Logic[2m > 
[22minitialise les 
TextLayers vides a 
partir du template
[41m[1m FAIL 
[22m[49m src/store/ed
itorStore.test.ts[2m 
> [22mEditorStore 
Logic[2m > [22mcree 
un ImageLayer quand on 
assigne une image a un 
slot
[41m[1m FAIL 
[22m[49m src/store/ed
itorStore.test.ts[2m 
> [22mEditorStore 
Logic[2m > 
[22mcanCheckout 
retourne false si un 
slot required est vide
[41m[1m FAIL 
[22m[49m src/store/ed
itorStore.test.ts[2m 
> [22mEditorStore 
Logic[2m > 
[22mcanCheckout 
retourne false si une 
image est bloquee (DPI 
faible)
[41m[1m FAIL 
[22m[49m src/store/ed
itorStore.test.ts[2m 
> [22mEditorStore 
Logic[2m > 
[22mcanCheckout 
retourne true si tout 
est rempli et valide
[41m[1m FAIL 
[22m[49m src/store/ed
itorStore.test.ts[2m 
> [22mEditorStore 
Logic[2m > 
[22mgetDesignJson 
retourne un objet JSON
[41m[1m FAIL 
[22m[49m src/store/ed
itorStore.test.ts[2m 
> [22mEditorStore 
Logic[2m > [22msaveTo
LocalStorage/loadFromLo
calStorage fonctionne
[31m[1mReferenceError
[22m: localStorage is 
not defined[39m
[36m [2mΓ¥»[22m 
Object.clearDraft src/s
tore/editorStore.ts:[2
m339:5[22m[39m
    [90m337| [39m
    [90m338| [39m  
clearDraft[33m:[39m 
() [33m=>[39m {
    [90m339| [39m    
localStorage[33m.[39m
[34mremoveItem[39m([
33mSTORAGE_KEY[39m)[3
3m;[39m
    [90m   | [39m    
[31m^[39m
    [90m340| [39m    
[35mset[39m({
    [90m341| [39m    
  selectedTemplate[33m
:[39m [35mnull[39m[
33m,[39m
[90m [2mΓ¥»[22m src/
store/editorStore.test.
ts:[2m42:35[22m[39m

[31m[2mΓÄ»ΓÄ»ΓÄ»ΓÄ»ΓÄ
»ΓÄ»ΓÄ»ΓÄ»ΓÄ»ΓÄ»ΓÄ»ΓÄ»Γ
Ä»ΓÄ»ΓÄ»ΓÄ»ΓÄ»ΓÄ»ΓÄ»ΓÄ»
ΓÄ»ΓÄ»ΓÄ»ΓÄ»[1/7]ΓÄ»[2
2m[39m


[2m Test Files [22m [1m[31m1 failed[39m[22m[90m (1)[39m
[2m      Tests [22m [1m[31m7 failed[39m[22m[90m (7)[39m
[2m   Start at [22m 23:31:42
[2m   Duration [22m 1.30s[2m (transform 181ms, setup 0ms, import 300ms, tests 50ms, environment 0ms)[22m

