
> canvas-platform-backend@1.0.0 prebuild
> rimraf dist


> canvas-platform-backend@1.0.0 build
> nest build

node.exe : [96msrc/adm
in/admin.service.ts[0m
:[93m50[0m:[93m24[0
m - 
[91merror[0m[90m 
TS2551: [0mProperty 
'user_id' does not 
exist on type 'Order'. 
Did you mean 'userId'?
Au caractère Ligne:1 : 
1
+ & "C:\Program 
Files\nodejs/node.exe" 
"C:\Program 
Files\nodejs/node_mo 
...
+ ~~~~~~~~~~~~~~~~~~~~~
~~~~~~~~~~~~~~~~~~~~~~~
~~~~~~~~~~~~~~~~~~~~~~~
~~
    + CategoryInfo     
         : NotSpecifi  
  ed: ([96msrc/admi   
 n/... mean 'userId    
'?:String) [], Rem    
oteException
    + FullyQualifiedEr 
   rorId : NativeComm  
  andError
 

[7m50[0m         
user_id: order.user_id,
[7m  [0m [91m       
                
~~~~~~~[0m

  [96msrc/orders/order
.entity.ts[0m:[93m20
[0m:[93m3[0m
    [7m20[0m   
userId: string;
    [7m  [0m [96m  
~~~~~~[0m
    'userId' is 
declared here.
[96msrc/admin/admin.se
rvice.ts[0m:[93m52[0
m:[93m29[0m - 
[91merror[0m[90m 
TS2339: [0mProperty 
'total_amount' does 
not exist on type 
'Order'.

[7m52[0m         
total_amount: 
order.total_amount,
[7m  [0m [91m       
                     
~~~~~~~~~~~~[0m
[96msrc/admin/admin.se
rvice.ts[0m:[93m54[0
m:[93m27[0m - 
[91merror[0m[90m 
TS2551: [0mProperty 
'created_at' does not 
exist on type 'Order'. 
Did you mean 
'createdAt'?

[7m54[0m         
created_at: 
order.created_at,
[7m  [0m [91m       
                   
~~~~~~~~~~[0m

  [96msrc/orders/order
.entity.ts[0m:[93m47
[0m:[93m3[0m
    [7m47[0m   
createdAt: Date;
    [7m  [0m [96m  
~~~~~~~~~[0m
    'createdAt' is 
declared here.
[96msrc/admin/admin.se
rvice.ts[0m:[93m55[0
m:[93m27[0m - 
[91merror[0m[90m 
TS2551: [0mProperty 
'updated_at' does not 
exist on type 'Order'. 
Did you mean 
'updatedAt'?

[7m55[0m         
updated_at: 
order.updated_at,
[7m  [0m [91m       
                   
~~~~~~~~~~[0m

  [96msrc/orders/order
.entity.ts[0m:[93m50
[0m:[93m3[0m
    [7m50[0m   
updatedAt: Date;
    [7m  [0m [96m  
~~~~~~~~~[0m
    'updatedAt' is 
declared here.
[96msrc/admin/admin.se
rvice.ts[0m:[93m56[0
m:[93m32[0m - 
[91merror[0m[90m 
TS2551: [0mProperty 
'tracking_number' does 
not exist on type 
'Order'. Did you mean 
'trackingNumber'?

[7m56[0m         
tracking_number: 
order.tracking_number,
[7m  [0m [91m       
                       
 ~~~~~~~~~~~~~~~[0m

  [96msrc/orders/order
.entity.ts[0m:[93m35
[0m:[93m3[0m
    [7m35[0m   
trackingNumber: string;
    [7m  [0m [96m  
~~~~~~~~~~~~~~[0m
    'trackingNumber' 
is declared here.
[96msrc/admin/admin.se
rvice.ts[0m:[93m80[0
m:[93m22[0m - 
[91merror[0m[90m 
TS2551: [0mProperty 
'user_id' does not 
exist on type 'Order'. 
Did you mean 'userId'?

[7m80[0m       
user_id: order.user_id,
[7m  [0m [91m       
              
~~~~~~~[0m

  [96msrc/orders/order
.entity.ts[0m:[93m20
[0m:[93m3[0m
    [7m20[0m   
userId: string;
    [7m  [0m [96m  
~~~~~~[0m
    'userId' is 
declared here.
[96msrc/admin/admin.se
rvice.ts[0m:[93m82[0
m:[93m27[0m - 
[91merror[0m[90m 
TS2339: [0mProperty 
'total_amount' does 
not exist on type 
'Order'.

[7m82[0m       
total_amount: 
order.total_amount,
[7m  [0m [91m       
                   
~~~~~~~~~~~~[0m
[96msrc/admin/admin.se
rvice.ts[0m:[93m83[0
m:[93m31[0m - 
[91merror[0m[90m 
TS2551: [0mProperty 
'shipping_address' 
does not exist on type 
'Order'. Did you mean 
'shippingAddr'?

[7m83[0m       
shipping_address: 
order.shipping_address,
[7m  [0m [91m       
                       
~~~~~~~~~~~~~~~~[0m

  [96msrc/orders/order
.entity.ts[0m:[93m32
[0m:[93m3[0m
    [7m32[0m   
shippingAddr: any;
    [7m  [0m [96m  
~~~~~~~~~~~~[0m
    'shippingAddr' is 
declared here.
[96msrc/admin/admin.se
rvice.ts[0m:[93m84[0
m:[93m30[0m - 
[91merror[0m[90m 
TS2551: [0mProperty 
'tracking_number' does 
not exist on type 
'Order'. Did you mean 
'trackingNumber'?

[7m84[0m       
tracking_number: 
order.tracking_number,
[7m  [0m [91m       
                      
~~~~~~~~~~~~~~~[0m

  [96msrc/orders/order
.entity.ts[0m:[93m35
[0m:[93m3[0m
    [7m35[0m   
trackingNumber: string;
    [7m  [0m [96m  
~~~~~~~~~~~~~~[0m
    'trackingNumber' 
is declared here.
[96msrc/admin/admin.se
rvice.ts[0m:[93m86[0
m:[93m25[0m - 
[91merror[0m[90m 
TS2551: [0mProperty 
'created_at' does not 
exist on type 'Order'. 
Did you mean 
'createdAt'?

[7m86[0m       
created_at: 
order.created_at,
[7m  [0m [91m       
                 
~~~~~~~~~~[0m

  [96msrc/orders/order
.entity.ts[0m:[93m47
[0m:[93m3[0m
    [7m47[0m   
createdAt: Date;
    [7m  [0m [96m  
~~~~~~~~~[0m
    'createdAt' is 
declared here.
[96msrc/admin/admin.se
rvice.ts[0m:[93m87[0
m:[93m25[0m - 
[91merror[0m[90m 
TS2551: [0mProperty 
'updated_at' does not 
exist on type 'Order'. 
Did you mean 
'updatedAt'?

[7m87[0m       
updated_at: 
order.updated_at,
[7m  [0m [91m       
                 
~~~~~~~~~~[0m

  [96msrc/orders/order
.entity.ts[0m:[93m50
[0m:[93m3[0m
    [7m50[0m   
updatedAt: Date;
    [7m  [0m [96m  
~~~~~~~~~[0m
    'updatedAt' is 
declared here.
[96msrc/admin/admin.se
rvice.ts[0m:[93m88[0
m:[93m25[0m - 
[91merror[0m[90m 
TS2551: [0mProperty 
'shipped_at' does not 
exist on type 'Order'. 
Did you mean 
'shippedAt'?

[7m88[0m       
shipped_at: 
order.shipped_at,
[7m  [0m [91m       
                 
~~~~~~~~~~[0m

  [96msrc/orders/order
.entity.ts[0m:[93m41
[0m:[93m3[0m
    [7m41[0m   
shippedAt: Date;
    [7m  [0m [96m  
~~~~~~~~~[0m
    'shippedAt' is 
declared here.
[96msrc/admin/admin.se
rvice.ts[0m:[93m89[0
m:[93m27[0m - 
[91merror[0m[90m 
TS2551: [0mProperty 
'delivered_at' does 
not exist on type 
'Order'. Did you mean 
'deliveredAt'?

[7m89[0m       
delivered_at: 
order.delivered_at,
[7m  [0m [91m       
                   
~~~~~~~~~~~~[0m

  [96msrc/orders/order
.entity.ts[0m:[93m44
[0m:[93m3[0m
    [7m44[0m   
deliveredAt: Date;
    [7m  [0m [96m  
~~~~~~~~~~~[0m
    'deliveredAt' is 
declared here.
[96msrc/admin/admin.se
rvice.ts[0m:[93m123[
0m:[93m13[0m - 
[91merror[0m[90m 
TS2551: [0mProperty 
'tracking_number' does 
not exist on type 
'Order'. Did you mean 
'trackingNumber'?

[7m123[0m       
order.tracking_number 
= trackingNumber;
[7m   [0m [91m      
      
~~~~~~~~~~~~~~~[0m

  [96msrc/orders/order
.entity.ts[0m:[93m35
[0m:[93m3[0m
    [7m35[0m   
trackingNumber: string;
    [7m  [0m [96m  
~~~~~~~~~~~~~~[0m
    'trackingNumber' 
is declared here.
[96msrc/admin/admin.se
rvice.ts[0m:[93m126[
0m:[93m40[0m - 
[91merror[0m[90m 
TS2551: [0mProperty 
'shipped_at' does not 
exist on type 'Order'. 
Did you mean 
'shippedAt'?

[7m126[0m     if 
(status === 'shipped' 
&& !order.shipped_at) {
[7m   [0m [91m      
                       
          
~~~~~~~~~~[0m

  [96msrc/orders/order
.entity.ts[0m:[93m41
[0m:[93m3[0m
    [7m41[0m   
shippedAt: Date;
    [7m  [0m [96m  
~~~~~~~~~[0m
    'shippedAt' is 
declared here.
[96msrc/admin/admin.se
rvice.ts[0m:[93m127[
0m:[93m13[0m - 
[91merror[0m[90m 
TS2551: [0mProperty 
'shipped_at' does not 
exist on type 'Order'. 
Did you mean 
'shippedAt'?

[7m127[0m       
order.shipped_at = new 
Date();
[7m   [0m [91m      
      ~~~~~~~~~~[0m

  [96msrc/orders/order
.entity.ts[0m:[93m41
[0m:[93m3[0m
    [7m41[0m   
shippedAt: Date;
    [7m  [0m [96m  
~~~~~~~~~[0m
    'shippedAt' is 
declared here.
[96msrc/admin/admin.se
rvice.ts[0m:[93m130[
0m:[93m42[0m - 
[91merror[0m[90m 
TS2551: [0mProperty 
'delivered_at' does 
not exist on type 
'Order'. Did you mean 
'deliveredAt'?

[7m130[0m     if 
(status === 
'delivered' && 
!order.delivered_at) {
[7m   [0m [91m      
                       
            
~~~~~~~~~~~~[0m

  [96msrc/orders/order
.entity.ts[0m:[93m44
[0m:[93m3[0m
    [7m44[0m   
deliveredAt: Date;
    [7m  [0m [96m  
~~~~~~~~~~~[0m
    'deliveredAt' is 
declared here.
[96msrc/admin/admin.se
rvice.ts[0m:[93m131[
0m:[93m13[0m - 
[91merror[0m[90m 
TS2551: [0mProperty 
'delivered_at' does 
not exist on type 
'Order'. Did you mean 
'deliveredAt'?

[7m131[0m       
order.delivered_at = 
new Date();
[7m   [0m [91m      
      ~~~~~~~~~~~~[0m

  [96msrc/orders/order
.entity.ts[0m:[93m44
[0m:[93m3[0m
    [7m44[0m   
deliveredAt: Date;
    [7m  [0m [96m  
~~~~~~~~~~~[0m
    'deliveredAt' is 
declared here.
[96msrc/admin/admin.se
rvice.ts[0m:[93m144[
0m:[93m30[0m - 
[91merror[0m[90m 
TS2551: [0mProperty 
'tracking_number' does 
not exist on type 
'Order'. Did you mean 
'trackingNumber'?

[7m144[0m       
tracking_number: 
order.tracking_number,
[7m   [0m [91m      
                       
~~~~~~~~~~~~~~~[0m

  [96msrc/orders/order
.entity.ts[0m:[93m35
[0m:[93m3[0m
    [7m35[0m   
trackingNumber: string;
    [7m  [0m [96m  
~~~~~~~~~~~~~~[0m
    'trackingNumber' 
is declared here.
[96msrc/admin/admin.se
rvice.ts[0m:[93m145[
0m:[93m25[0m - 
[91merror[0m[90m 
TS2551: [0mProperty 
'shipped_at' does not 
exist on type 'Order'. 
Did you mean 
'shippedAt'?

[7m145[0m       
shipped_at: 
order.shipped_at,
[7m   [0m [91m      
                  
~~~~~~~~~~[0m

  [96msrc/orders/order
.entity.ts[0m:[93m41
[0m:[93m3[0m
    [7m41[0m   
shippedAt: Date;
    [7m  [0m [96m  
~~~~~~~~~[0m
    'shippedAt' is 
declared here.
[96msrc/admin/admin.se
rvice.ts[0m:[93m146[
0m:[93m27[0m - 
[91merror[0m[90m 
TS2551: [0mProperty 
'delivered_at' does 
not exist on type 
'Order'. Did you mean 
'deliveredAt'?

[7m146[0m       
delivered_at: 
order.delivered_at,
[7m   [0m [91m      
                    
~~~~~~~~~~~~[0m

  [96msrc/orders/order
.entity.ts[0m:[93m44
[0m:[93m3[0m
    [7m44[0m   
deliveredAt: Date;
    [7m  [0m [96m  
~~~~~~~~~~~[0m
    'deliveredAt' is 
declared here.
[96msrc/admin/admin.se
rvice.ts[0m:[93m248[
0m:[93m15[0m - 
[91merror[0m[90m 
TS2551: [0mProperty 
'tracking_number' does 
not exist on type 
'Order'. Did you mean 
'trackingNumber'?

[7m248[0m         
order.tracking_number 
= trackingNumber;
[7m   [0m [91m      
        
~~~~~~~~~~~~~~~[0m

  [96msrc/orders/order
.entity.ts[0m:[93m35
[0m:[93m3[0m
    [7m35[0m   
trackingNumber: string;
    [7m  [0m [96m  
~~~~~~~~~~~~~~[0m
    'trackingNumber' 
is declared here.
[96msrc/admin/admin.se
rvice.ts[0m:[93m251[
0m:[93m42[0m - 
[91merror[0m[90m 
TS2551: [0mProperty 
'shipped_at' does not 
exist on type 'Order'. 
Did you mean 
'shippedAt'?

[7m251[0m       if 
(status === 'shipped' 
&& !order.shipped_at) {
[7m   [0m [91m      
                       
            
~~~~~~~~~~[0m

  [96msrc/orders/order
.entity.ts[0m:[93m41
[0m:[93m3[0m
    [7m41[0m   
shippedAt: Date;
    [7m  [0m [96m  
~~~~~~~~~[0m
    'shippedAt' is 
declared here.
[96msrc/admin/admin.se
rvice.ts[0m:[93m252[
0m:[93m15[0m - 
[91merror[0m[90m 
TS2551: [0mProperty 
'shipped_at' does not 
exist on type 'Order'. 
Did you mean 
'shippedAt'?

[7m252[0m         
order.shipped_at = new 
Date();
[7m   [0m [91m      
        ~~~~~~~~~~[0m

  [96msrc/orders/order
.entity.ts[0m:[93m41
[0m:[93m3[0m
    [7m41[0m   
shippedAt: Date;
    [7m  [0m [96m  
~~~~~~~~~[0m
    'shippedAt' is 
declared here.
[96msrc/admin/admin.se
rvice.ts[0m:[93m255[
0m:[93m44[0m - 
[91merror[0m[90m 
TS2551: [0mProperty 
'delivered_at' does 
not exist on type 
'Order'. Did you mean 
'deliveredAt'?

[7m255[0m       if 
(status === 
'delivered' && 
!order.delivered_at) {
[7m   [0m [91m      
                       
              
~~~~~~~~~~~~[0m

  [96msrc/orders/order
.entity.ts[0m:[93m44
[0m:[93m3[0m
    [7m44[0m   
deliveredAt: Date;
    [7m  [0m [96m  
~~~~~~~~~~~[0m
    'deliveredAt' is 
declared here.
[96msrc/admin/admin.se
rvice.ts[0m:[93m256[
0m:[93m15[0m - 
[91merror[0m[90m 
TS2551: [0mProperty 
'delivered_at' does 
not exist on type 
'Order'. Did you mean 
'deliveredAt'?

[7m256[0m         
order.delivered_at = 
new Date();
[7m   [0m [91m      
        
~~~~~~~~~~~~[0m

  [96msrc/orders/order
.entity.ts[0m:[93m44
[0m:[93m3[0m
    [7m44[0m   
deliveredAt: Date;
    [7m  [0m [96m  
~~~~~~~~~~~[0m
    'deliveredAt' is 
declared here.
[96msrc/email/email.se
rvice.ts[0m:[93m81[0
m:[93m100[0m - 
[91merror[0m[90m 
TS2339: [0mProperty 
'total_amount' does 
not exist on type 
'Order'.

[7m81[0m       text: 
`Your order #${order.id
.substring(0, 
8).toUpperCase()} has 
been confirmed for $${o
rder.total_amount.toFix
ed(2)}`,
[7m  [0m [91m       
                       
                       
                       
                       
~~~~~~~~~~~~[0m
[96msrc/email/email.se
rvice.ts[0m:[93m91[0
m:[93m34[0m - 
[91merror[0m[90m 
TS2339: [0mProperty 
'total_amount' does 
not exist on type 
'Order'.

[7m91[0m       text: 
`Payment of $${order.to
tal_amount.toFixed(2)} 
has been successfully 
received for your 
order.`,
[7m  [0m [91m       
                       
   ~~~~~~~~~~~~[0m
[96msrc/email/email.se
rvice.ts[0m:[93m126[
0m:[93m30[0m - 
[91merror[0m[90m 
TS2339: [0mProperty 
'total_amount' does 
not exist on type 
'Order'.

[7m126[0m     const 
orderTotal = order.tota
l_amount.toFixed(2);
[7m   [0m [91m      
                       
~~~~~~~~~~~~[0m
Found 43 error(s).

[96msrc/email/email.se
rvice.ts[0m:[93m202[
0m:[93m44[0m - 
[91merror[0m[90m 
TS2339: [0mProperty 
'total_amount' does 
not exist on type 
'Order'.

[7m202[0m            
   <div class="amount">
$${order.total_amount.t
oFixed(2)}</div>
[7m   [0m [91m      
                       
              
~~~~~~~~~~~~[0m
[96msrc/email/email.se
rvice.ts[0m:[93m247[
0m:[93m57[0m - 
[91merror[0m[90m 
TS2339: [0mProperty 
'total_amount' does 
not exist on type 
'Order'.

[7m247[0m            
   <p><strong>Order 
Total:</strong> $${orde
r.total_amount.toFixed(
2)}</p>
[7m   [0m [91m      
                       
                       
    ~~~~~~~~~~~~[0m
[96msrc/payments/payme
nt.controller.ts[0m:[
93m90[0m:[93m32[0m 
- [91merror[0m[90m 
TS2339: [0mProperty 
'updateOrderStatus' 
does not exist on type 
'OrdersService'.

[7m90[0m       await 
this.ordersService.upda
teOrderStatus(orderId, 
{
[7m  [0m [91m       
                       
 ~~~~~~~~~~~~~~~~~[0m
[96msrc/payments/payme
nt.controller.ts[0m:[
93m158[0m:[93m32[0m 
- [91merror[0m[90m 
TS2339: [0mProperty 
'updateOrderStatus' 
does not exist on type 
'OrdersService'.

[7m158[0m       
await this.ordersServic
e.updateOrderStatus(ord
erId, {
[7m   [0m [91m      
                       
  ~~~~~~~~~~~~~~~~~[0m
[96msrc/payments/payme
nt.service.ts[0m:[93m
110[0m:[93m28[0m - 
[91merror[0m[90m 
TS2551: [0mProperty 
'user_id' does not 
exist on type 'Order'. 
Did you mean 'userId'?

[7m110[0m         
where: { id: 
order.user_id },
[7m   [0m [91m      
                     
~~~~~~~[0m

  [96msrc/orders/order
.entity.ts[0m:[93m20
[0m:[93m3[0m
    [7m20[0m   
userId: string;
    [7m  [0m [96m  
~~~~~~[0m
    'userId' is 
declared here.
[96msrc/payments/payme
nt.service.ts[0m:[93m
137[0m:[93m28[0m - 
[91merror[0m[90m 
TS2551: [0mProperty 
'user_id' does not 
exist on type 'Order'. 
Did you mean 'userId'?

[7m137[0m         
where: { id: 
order.user_id },
[7m   [0m [91m      
                     
~~~~~~~[0m

  [96msrc/orders/order
.entity.ts[0m:[93m20
[0m:[93m3[0m
    [7m20[0m   
userId: string;
    [7m  [0m [96m  
~~~~~~[0m
    'userId' is 
declared here.
[96msrc/payments/payme
nt.service.ts[0m:[93m
164[0m:[93m28[0m - 
[91merror[0m[90m 
TS2551: [0mProperty 
'user_id' does not 
exist on type 'Order'. 
Did you mean 'userId'?

[7m164[0m         
where: { id: 
order.user_id },
[7m   [0m [91m      
                     
~~~~~~~[0m

  [96msrc/orders/order
.entity.ts[0m:[93m20
[0m:[93m3[0m
    [7m20[0m   
userId: string;
    [7m  [0m [96m  
~~~~~~[0m
    'userId' is 
declared here.
[96msrc/print/print-wo
rker.service.ts[0m:[9
3m42[0m:[93m25[0m - 
[91merror[0m[90m 
TS2351: [0mThis 
expression is not 
constructable.
  Type '{ default: 
PDFDocument; version: 
number; compress: 
boolean; info: 
DocumentInfo; options: 
PDFDocumentOptions; 
page: PDFPage; x: 
number; ... 131 more 
...; endOutline(): 
void; }' has no 
construct signatures.

[7m42[0m         
const doc = new 
PDFDocument({
[7m  [0m [91m       
                 
~~~~~~~~~~~[0m

  [96msrc/print/print-
worker.service.ts[0m:
[93m4[0m:[93m1[0m
    [7m4[0m import * 
as PDFDocument from 
'pdfkit';
    [7m [0m [96m~~~~
~~~~~~~~~~~~~~~~~~~~~~~
~~~~~~~~~~~[0m
    Type originates at 
this import. A 
namespace-style import 
cannot be called or 
constructed, and will 
cause a failure at 
runtime. Consider 
using a default import 
or import require here 
instead.
[96msrc/print/print-wo
rker.service.ts[0m:[9
3m65[0m:[93m15[0m - 
[91merror[0m[90m 
TS2561: [0mObject 
literal may only 
specify known 
properties, but 
'print_pdf_url' does 
not exist in type '_Que
ryDeepPartialEntity<Ord
er>'. Did you mean to 
write 'printPdfUrl'?

[7m65[0m             
  print_pdf_url: url,
[7m  [0m [91m       
       
~~~~~~~~~~~~~[0m
[96msrc/print/print-wo
rker.service.ts[0m:[9
3m103[0m:[93m25[0m 
- [91merror[0m[90m 
TS2351: [0mThis 
expression is not 
constructable.
  Type '{ default: 
PDFDocument; version: 
number; compress: 
boolean; info: 
DocumentInfo; options: 
PDFDocumentOptions; 
page: PDFPage; x: 
number; ... 131 more 
...; endOutline(): 
void; }' has no 
construct signatures.

[7m103[0m         
const doc = new 
PDFDocument({ size: 
'A4' });
[7m   [0m [91m      
                  
~~~~~~~~~~~[0m

  [96msrc/print/print-
worker.service.ts[0m:
[93m4[0m:[93m1[0m
    [7m4[0m import * 
as PDFDocument from 
'pdfkit';
    [7m [0m [96m~~~~
~~~~~~~~~~~~~~~~~~~~~~~
~~~~~~~~~~~[0m
    Type originates at 
this import. A 
namespace-style import 
cannot be called or 
constructed, and will 
cause a failure at 
runtime. Consider 
using a default import 
or import require here 
instead.
[96msrc/print/print-wo
rker.service.ts[0m:[9
3m157[0m:[93m25[0m 
- [91merror[0m[90m 
TS2351: [0mThis 
expression is not 
constructable.
  Type '{ default: 
PDFDocument; version: 
number; compress: 
boolean; info: 
DocumentInfo; options: 
PDFDocumentOptions; 
page: PDFPage; x: 
number; ... 131 more 
...; endOutline(): 
void; }' has no 
construct signatures.

[7m157[0m         
const doc = new 
PDFDocument({ size: 
'A4' });
[7m   [0m [91m      
                  
~~~~~~~~~~~[0m

  [96msrc/print/print-
worker.service.ts[0m:
[93m4[0m:[93m1[0m
    [7m4[0m import * 
as PDFDocument from 
'pdfkit';
    [7m [0m [96m~~~~
~~~~~~~~~~~~~~~~~~~~~~~
~~~~~~~~~~~[0m
    Type originates at 
this import. A 
namespace-style import 
cannot be called or 
constructed, and will 
cause a failure at 
runtime. Consider 
using a default import 
or import require here 
instead.
[96msrc/print/print-wo
rker.service.ts[0m:[9
3m180[0m:[93m42[0m 
- [91merror[0m[90m 
TS2339: [0mProperty 
'total_amount' does 
not exist on type 
'Order'.

[7m180[0m         
doc.text(`Total 
Amount: $${order.total_
amount.toFixed(2)}`, 
20, 75);
[7m   [0m [91m      
                       
            
~~~~~~~~~~~~[0m
[96msrc/reviews/review
s.service.ts[0m:[93m5
8[0m:[93m11[0m - 
[91merror[0m[90m 
TS2353: [0mObject 
literal may only 
specify known 
properties, and 
'user_id' does not 
exist in type 'FindOpti
onsWhere<Order> | FindO
ptionsWhere<Order>[]'.

[7m58[0m           
user_id: userId,
[7m  [0m [91m       
   ~~~~~~~[0m

  [96mnode_modules/typ
eorm/find-options/FindO
neOptions.d.ts[0m:[93
m23[0m:[93m5[0m
    [7m23[0m     
where?: FindOptionsWher
e<Entity>[] | FindOptio
nsWhere<Entity>;
    [7m  [0m [96m   
 ~~~~~[0m
    The expected type 
comes from property 
'where' which is 
declared here on type 
'FindOneOptions<Order>'
[96msrc/reviews/review
s.service.ts[0m:[93m6
8[0m:[93m59[0m - 
[91merror[0m[90m 
TS2551: [0mProperty 
'product_id' does not 
exist on type 
'OrderItem'. Did you 
mean 'productId'?

[7m68[0m       const 
hasProduct = order.item
s?.some((item) => 
item.product_id === 
product_id);
[7m  [0m [91m       
                       
                       
     ~~~~~~~~~~[0m

  [96msrc/orders/order
-item.entity.ts[0m:[9
3m16[0m:[93m3[0m
    [7m16[0m   
productId: string;
    [7m  [0m [96m  
~~~~~~~~~[0m
    'productId' is 
declared here.

